Requested 240 replications; reusing 4; each new replication fits one DPLQR + two auxiliary networks.
C:\Users\Tiansui Tu\Documents\GitHub\dplqr\.venv\Lib\site-packages\torchtuples\callbacks.py:607: UserWarning: This overload of add is deprecated:
	add(Number alpha, Tensor other)
Consider using one of the following signatures instead:
	add(Tensor other, *, Number alpha = 1) (Triggered internally at C:\actions-runner\_work\pytorch\pytorch\torch\csrc\utils\python_arg_parser.cpp:1841.)
  p.data = p.data.add(-weight_decay * eta, p.data)
case=1 n=500 rep=1/20 theta1=-0.32967 SE=0.26115 T=-5.092; fit+inference=1.32s; 5/240 complete
case=1 n=1000 rep=1/20 theta1=0.53269 SE=0.10806 T=-4.325; fit+inference=3.13s; 6/240 complete
case=1 n=2000 rep=1/20 theta1=0.93273 SE=0.07094 T=-0.948; fit+inference=4.82s; 7/240 complete
case=1 n=4000 rep=1/20 theta1=0.92831 SE=0.05668 T=-1.265; fit+inference=6.08s; 8/240 complete
case=2 n=500 rep=1/20 theta1=0.32713 SE=0.19114 T=-3.520; fit+inference=1.79s; 9/240 complete
case=2 n=1000 rep=1/20 theta1=0.58086 SE=0.08903 T=-4.708; fit+inference=3.04s; 10/240 complete
case=2 n=2000 rep=1/20 theta1=0.83805 SE=0.07318 T=-2.213; fit+inference=5.37s; 11/240 complete
case=2 n=4000 rep=1/20 theta1=1.04021 SE=0.05799 T=0.693; fit+inference=8.91s; 12/240 complete
case=1 n=500 rep=2/20 theta1=0.75606 SE=0.15450 T=-1.579; fit+inference=1.64s; 13/240 complete
case=1 n=1000 rep=2/20 theta1=0.79179 SE=0.13399 T=-1.554; fit+inference=2.80s; 14/240 complete
case=1 n=2000 rep=2/20 theta1=0.86747 SE=0.07375 T=-1.797; fit+inference=5.07s; 15/240 complete
case=1 n=4000 rep=2/20 theta1=1.04268 SE=0.05277 T=0.809; fit+inference=8.68s; 16/240 complete
case=2 n=500 rep=2/20 theta1=0.56627 SE=0.20341 T=-2.132; fit+inference=1.56s; 17/240 complete
case=2 n=1000 rep=2/20 theta1=0.74118 SE=0.10215 T=-2.534; fit+inference=3.28s; 18/240 complete
case=2 n=2000 rep=2/20 theta1=0.92156 SE=0.06742 T=-1.163; fit+inference=6.12s; 19/240 complete
case=2 n=4000 rep=2/20 theta1=0.98585 SE=0.05837 T=-0.242; fit+inference=6.81s; 20/240 complete
case=3 n=500 rep=2/20 theta1=0.08311 SE=0.20765 T=-4.415; fit+inference=1.72s; 21/240 complete
case=3 n=1000 rep=2/20 theta1=1.17846 SE=0.06853 T=2.604; fit+inference=3.37s; 22/240 complete
case=3 n=2000 rep=2/20 theta1=0.90816 SE=0.06135 T=-1.497; fit+inference=4.61s; 23/240 complete
case=3 n=4000 rep=2/20 theta1=0.96547 SE=0.04895 T=-0.705; fit+inference=6.81s; 24/240 complete
case=1 n=500 rep=3/20 theta1=0.38727 SE=0.14838 T=-4.129; fit+inference=1.76s; 25/240 complete
case=1 n=1000 rep=3/20 theta1=0.73464 SE=0.10376 T=-2.557; fit+inference=2.81s; 26/240 complete
case=1 n=2000 rep=3/20 theta1=0.84195 SE=0.07354 T=-2.149; fit+inference=4.27s; 27/240 complete
case=1 n=4000 rep=3/20 theta1=0.86484 SE=0.05553 T=-2.434; fit+inference=6.62s; 28/240 complete
case=2 n=500 rep=3/20 theta1=0.31909 SE=0.18792 T=-3.623; fit+inference=1.92s; 29/240 complete
case=2 n=1000 rep=3/20 theta1=0.88544 SE=0.09418 T=-1.216; fit+inference=2.26s; 30/240 complete
case=2 n=2000 rep=3/20 theta1=0.89027 SE=0.08422 T=-1.303; fit+inference=1.57s; 31/240 complete
case=2 n=4000 rep=3/20 theta1=0.99821 SE=0.05427 T=-0.033; fit+inference=2.99s; 32/240 complete
case=3 n=500 rep=3/20 theta1=0.32696 SE=0.16829 T=-3.999; fit+inference=0.75s; 33/240 complete
case=3 n=1000 rep=3/20 theta1=0.86083 SE=0.10443 T=-1.333; fit+inference=1.10s; 34/240 complete
case=3 n=2000 rep=3/20 theta1=0.84402 SE=0.06727 T=-2.319; fit+inference=1.53s; 35/240 complete
case=3 n=4000 rep=3/20 theta1=0.87384 SE=0.05533 T=-2.280; fit+inference=5.47s; 36/240 complete
case=1 n=500 rep=4/20 theta1=0.36266 SE=0.13421 T=-4.749; fit+inference=2.50s; 37/240 complete
case=1 n=1000 rep=4/20 theta1=0.97587 SE=0.10535 T=-0.229; fit+inference=3.05s; 38/240 complete
case=1 n=2000 rep=4/20 theta1=0.84219 SE=0.07311 T=-2.158; fit+inference=4.13s; 39/240 complete
case=1 n=4000 rep=4/20 theta1=0.95540 SE=0.05171 T=-0.862; fit+inference=7.54s; 40/240 complete
case=2 n=500 rep=4/20 theta1=0.04663 SE=0.18433 T=-5.172; fit+inference=1.88s; 41/240 complete
case=2 n=1000 rep=4/20 theta1=0.92967 SE=0.09193 T=-0.765; fit+inference=3.34s; 42/240 complete
case=2 n=2000 rep=4/20 theta1=1.02585 SE=0.07808 T=0.331; fit+inference=5.21s; 43/240 complete
case=2 n=4000 rep=4/20 theta1=0.96783 SE=0.05952 T=-0.541; fit+inference=6.34s; 44/240 complete
case=3 n=500 rep=4/20 theta1=0.39043 SE=0.12830 T=-4.751; fit+inference=2.00s; 45/240 complete
case=3 n=1000 rep=4/20 theta1=0.61249 SE=0.12069 T=-3.211; fit+inference=0.93s; 46/240 complete
case=3 n=2000 rep=4/20 theta1=0.96217 SE=0.07193 T=-0.526; fit+inference=1.39s; 47/240 complete
case=3 n=4000 rep=4/20 theta1=0.85787 SE=0.05567 T=-2.553; fit+inference=3.16s; 48/240 complete
case=1 n=500 rep=5/20 theta1=0.28683 SE=0.15974 T=-4.465; fit+inference=0.97s; 49/240 complete
case=1 n=1000 rep=5/20 theta1=0.64329 SE=0.12340 T=-2.891; fit+inference=0.99s; 50/240 complete
case=1 n=2000 rep=5/20 theta1=0.97055 SE=0.08472 T=-0.348; fit+inference=1.61s; 51/240 complete
case=1 n=4000 rep=5/20 theta1=0.98796 SE=0.05806 T=-0.207; fit+inference=2.77s; 52/240 complete
case=2 n=500 rep=5/20 theta1=0.48165 SE=0.15146 T=-3.422; fit+inference=0.99s; 53/240 complete
case=2 n=1000 rep=5/20 theta1=0.50821 SE=0.11234 T=-4.378; fit+inference=1.57s; 54/240 complete
case=2 n=2000 rep=5/20 theta1=0.82266 SE=0.07193 T=-2.465; fit+inference=2.47s; 55/240 complete
case=2 n=4000 rep=5/20 theta1=0.96880 SE=0.05770 T=-0.541; fit+inference=3.26s; 56/240 complete
case=3 n=500 rep=5/20 theta1=0.52333 SE=0.18544 T=-2.570; fit+inference=0.68s; 57/240 complete
case=3 n=1000 rep=5/20 theta1=0.28065 SE=0.10494 T=-6.855; fit+inference=1.49s; 58/240 complete
case=3 n=2000 rep=5/20 theta1=1.02618 SE=0.06157 T=0.425; fit+inference=2.15s; 59/240 complete
case=3 n=4000 rep=5/20 theta1=0.80948 SE=0.05463 T=-3.487; fit+inference=2.40s; 60/240 complete
case=1 n=500 rep=6/20 theta1=0.04980 SE=0.15014 T=-6.329; fit+inference=1.04s; 61/240 complete
case=1 n=1000 rep=6/20 theta1=0.91805 SE=0.09766 T=-0.839; fit+inference=1.11s; 62/240 complete
case=1 n=2000 rep=6/20 theta1=1.03006 SE=0.07481 T=0.402; fit+inference=1.56s; 63/240 complete
case=1 n=4000 rep=6/20 theta1=0.91511 SE=0.05513 T=-1.540; fit+inference=3.73s; 64/240 complete
case=2 n=500 rep=6/20 theta1=-0.17362 SE=0.21029 T=-5.581; fit+inference=1.58s; 65/240 complete
case=2 n=1000 rep=6/20 theta1=0.81499 SE=0.10588 T=-1.747; fit+inference=3.08s; 66/240 complete
case=2 n=2000 rep=6/20 theta1=0.95867 SE=0.08040 T=-0.514; fit+inference=5.28s; 67/240 complete
case=2 n=4000 rep=6/20 theta1=0.86968 SE=0.05273 T=-2.472; fit+inference=6.88s; 68/240 complete
case=3 n=500 rep=6/20 theta1=0.80352 SE=0.20175 T=-0.974; fit+inference=1.08s; 69/240 complete
case=3 n=1000 rep=6/20 theta1=0.73906 SE=0.08154 T=-3.200; fit+inference=3.39s; 70/240 complete
case=3 n=2000 rep=6/20 theta1=0.95997 SE=0.06849 T=-0.584; fit+inference=3.46s; 71/240 complete
case=3 n=4000 rep=6/20 theta1=0.99641 SE=0.05086 T=-0.071; fit+inference=6.12s; 72/240 complete
case=1 n=500 rep=7/20 theta1=-0.27020 SE=0.19486 T=-6.519; fit+inference=1.25s; 73/240 complete
case=1 n=1000 rep=7/20 theta1=0.59346 SE=0.10660 T=-3.814; fit+inference=2.24s; 74/240 complete
case=1 n=2000 rep=7/20 theta1=0.86479 SE=0.07648 T=-1.768; fit+inference=3.29s; 75/240 complete
case=1 n=4000 rep=7/20 theta1=0.93639 SE=0.05323 T=-1.195; fit+inference=6.76s; 76/240 complete
case=2 n=500 rep=7/20 theta1=0.44716 SE=0.12826 T=-4.310; fit+inference=1.65s; 77/240 complete
case=2 n=1000 rep=7/20 theta1=0.64111 SE=0.11129 T=-3.225; fit+inference=2.19s; 78/240 complete
case=2 n=2000 rep=7/20 theta1=0.79816 SE=0.08476 T=-2.381; fit+inference=1.85s; 79/240 complete
case=2 n=4000 rep=7/20 theta1=1.07564 SE=0.05247 T=1.441; fit+inference=5.10s; 80/240 complete
case=3 n=500 rep=7/20 theta1=0.25091 SE=0.18386 T=-4.074; fit+inference=1.43s; 81/240 complete
case=3 n=1000 rep=7/20 theta1=0.68347 SE=0.08987 T=-3.522; fit+inference=2.68s; 82/240 complete
case=3 n=2000 rep=7/20 theta1=0.85872 SE=0.08425 T=-1.677; fit+inference=3.49s; 83/240 complete
case=3 n=4000 rep=7/20 theta1=0.91191 SE=0.04834 T=-1.822; fit+inference=7.88s; 84/240 complete
case=1 n=500 rep=8/20 theta1=0.57887 SE=0.13150 T=-3.203; fit+inference=2.04s; 85/240 complete
case=1 n=1000 rep=8/20 theta1=0.60673 SE=0.11619 T=-3.385; fit+inference=2.48s; 86/240 complete
case=1 n=2000 rep=8/20 theta1=1.07424 SE=0.06723 T=1.104; fit+inference=4.34s; 87/240 complete
case=1 n=4000 rep=8/20 theta1=1.01291 SE=0.05155 T=0.250; fit+inference=6.67s; 88/240 complete
case=2 n=500 rep=8/20 theta1=0.74052 SE=0.20796 T=-1.248; fit+inference=1.76s; 89/240 complete
case=2 n=1000 rep=8/20 theta1=0.81812 SE=0.10383 T=-1.752; fit+inference=2.02s; 90/240 complete
case=2 n=2000 rep=8/20 theta1=0.74989 SE=0.07183 T=-3.482; fit+inference=4.42s; 91/240 complete
case=2 n=4000 rep=8/20 theta1=0.98930 SE=0.05554 T=-0.193; fit+inference=6.66s; 92/240 complete
case=3 n=500 rep=8/20 theta1=-0.30980 SE=0.19559 T=-6.697; fit+inference=1.31s; 93/240 complete
case=3 n=1000 rep=8/20 theta1=0.87270 SE=0.08596 T=-1.481; fit+inference=2.62s; 94/240 complete
case=3 n=2000 rep=8/20 theta1=0.94082 SE=0.05886 T=-1.005; fit+inference=4.90s; 95/240 complete
case=3 n=4000 rep=8/20 theta1=0.90539 SE=0.05137 T=-1.842; fit+inference=5.84s; 96/240 complete
case=1 n=500 rep=9/20 theta1=0.41133 SE=0.16438 T=-3.581; fit+inference=1.74s; 97/240 complete
case=1 n=1000 rep=9/20 theta1=0.43374 SE=0.11937 T=-4.744; fit+inference=2.03s; 98/240 complete
case=1 n=2000 rep=9/20 theta1=0.91869 SE=0.07426 T=-1.095; fit+inference=3.94s; 99/240 complete
case=1 n=4000 rep=9/20 theta1=0.88691 SE=0.05362 T=-2.109; fit+inference=6.24s; 100/240 complete
case=2 n=500 rep=9/20 theta1=0.39524 SE=0.18870 T=-3.205; fit+inference=2.15s; 101/240 complete
case=2 n=1000 rep=9/20 theta1=0.59001 SE=0.10591 T=-3.871; fit+inference=2.82s; 102/240 complete
case=2 n=2000 rep=9/20 theta1=0.90363 SE=0.07139 T=-1.350; fit+inference=3.78s; 103/240 complete
case=2 n=4000 rep=9/20 theta1=0.90838 SE=0.05204 T=-1.760; fit+inference=8.42s; 104/240 complete
case=3 n=500 rep=9/20 theta1=0.79641 SE=0.14629 T=-1.392; fit+inference=1.49s; 105/240 complete
case=3 n=1000 rep=9/20 theta1=0.75800 SE=0.11067 T=-2.187; fit+inference=2.18s; 106/240 complete
case=3 n=2000 rep=9/20 theta1=0.84644 SE=0.07203 T=-2.132; fit+inference=4.43s; 107/240 complete
case=3 n=4000 rep=9/20 theta1=0.86174 SE=0.05172 T=-2.673; fit+inference=5.74s; 108/240 complete
case=1 n=500 rep=10/20 theta1=0.30901 SE=0.14528 T=-4.756; fit+inference=1.49s; 109/240 complete
case=1 n=1000 rep=10/20 theta1=0.72111 SE=0.10515 T=-2.652; fit+inference=2.33s; 110/240 complete
case=1 n=2000 rep=10/20 theta1=0.98693 SE=0.07545 T=-0.173; fit+inference=3.91s; 111/240 complete
case=1 n=4000 rep=10/20 theta1=0.95721 SE=0.05329 T=-0.803; fit+inference=6.37s; 112/240 complete
case=2 n=500 rep=10/20 theta1=0.65704 SE=0.13987 T=-2.452; fit+inference=2.09s; 113/240 complete
case=2 n=1000 rep=10/20 theta1=0.97470 SE=0.10027 T=-0.252; fit+inference=3.27s; 114/240 complete
case=2 n=2000 rep=10/20 theta1=0.86158 SE=0.06881 T=-2.012; fit+inference=5.28s; 115/240 complete
case=2 n=4000 rep=10/20 theta1=0.90165 SE=0.05638 T=-1.744; fit+inference=6.25s; 116/240 complete
case=3 n=500 rep=10/20 theta1=0.08345 SE=0.20326 T=-4.509; fit+inference=1.18s; 117/240 complete
case=3 n=1000 rep=10/20 theta1=0.74755 SE=0.10782 T=-2.341; fit+inference=1.89s; 118/240 complete
case=3 n=2000 rep=10/20 theta1=0.85367 SE=0.08294 T=-1.764; fit+inference=3.23s; 119/240 complete
case=3 n=4000 rep=10/20 theta1=0.93487 SE=0.05241 T=-1.243; fit+inference=6.54s; 120/240 complete
case=1 n=500 rep=11/20 theta1=0.52054 SE=0.12263 T=-3.910; fit+inference=1.85s; 121/240 complete
case=1 n=1000 rep=11/20 theta1=0.73601 SE=0.08426 T=-3.133; fit+inference=3.12s; 122/240 complete
case=1 n=2000 rep=11/20 theta1=0.88940 SE=0.07431 T=-1.488; fit+inference=3.88s; 123/240 complete
case=1 n=4000 rep=11/20 theta1=0.91416 SE=0.05565 T=-1.543; fit+inference=5.59s; 124/240 complete
case=2 n=500 rep=11/20 theta1=0.67452 SE=0.18704 T=-1.740; fit+inference=1.23s; 125/240 complete
case=2 n=1000 rep=11/20 theta1=0.74810 SE=0.09564 T=-2.634; fit+inference=2.74s; 126/240 complete
case=2 n=2000 rep=11/20 theta1=0.84426 SE=0.07558 T=-2.061; fit+inference=5.09s; 127/240 complete
case=2 n=4000 rep=11/20 theta1=1.04093 SE=0.05340 T=0.766; fit+inference=6.60s; 128/240 complete
case=3 n=500 rep=11/20 theta1=0.72878 SE=0.16394 T=-1.654; fit+inference=1.43s; 129/240 complete
case=3 n=1000 rep=11/20 theta1=0.76426 SE=0.12189 T=-1.934; fit+inference=2.25s; 130/240 complete
case=3 n=2000 rep=11/20 theta1=0.95155 SE=0.06542 T=-0.741; fit+inference=3.56s; 131/240 complete
case=3 n=4000 rep=11/20 theta1=0.92494 SE=0.05419 T=-1.385; fit+inference=6.30s; 132/240 complete
case=1 n=500 rep=12/20 theta1=0.41522 SE=0.15358 T=-3.808; fit+inference=2.28s; 133/240 complete
case=1 n=1000 rep=12/20 theta1=0.26293 SE=0.09686 T=-7.610; fit+inference=2.36s; 134/240 complete
case=1 n=2000 rep=12/20 theta1=0.86891 SE=0.07060 T=-1.857; fit+inference=4.22s; 135/240 complete
case=1 n=4000 rep=12/20 theta1=0.99832 SE=0.05521 T=-0.030; fit+inference=6.71s; 136/240 complete
case=2 n=500 rep=12/20 theta1=0.75246 SE=0.21751 T=-1.138; fit+inference=1.08s; 137/240 complete
case=2 n=1000 rep=12/20 theta1=0.65635 SE=0.09302 T=-3.694; fit+inference=2.99s; 138/240 complete
case=2 n=2000 rep=12/20 theta1=0.82134 SE=0.08444 T=-2.116; fit+inference=4.62s; 139/240 complete
case=2 n=4000 rep=12/20 theta1=0.96958 SE=0.05646 T=-0.539; fit+inference=6.25s; 140/240 complete
case=3 n=500 rep=12/20 theta1=0.44921 SE=0.14710 T=-3.744; fit+inference=1.45s; 141/240 complete
case=3 n=1000 rep=12/20 theta1=0.72925 SE=0.11032 T=-2.454; fit+inference=2.37s; 142/240 complete
case=3 n=2000 rep=12/20 theta1=0.73456 SE=0.06804 T=-3.901; fit+inference=3.68s; 143/240 complete
case=3 n=4000 rep=12/20 theta1=0.96914 SE=0.05160 T=-0.598; fit+inference=7.37s; 144/240 complete
case=1 n=500 rep=13/20 theta1=0.68630 SE=0.15066 T=-2.082; fit+inference=1.40s; 145/240 complete
case=1 n=1000 rep=13/20 theta1=0.78736 SE=0.09064 T=-2.346; fit+inference=3.04s; 146/240 complete
case=1 n=2000 rep=13/20 theta1=1.07796 SE=0.06833 T=1.141; fit+inference=5.00s; 147/240 complete
case=1 n=4000 rep=13/20 theta1=0.94942 SE=0.05702 T=-0.887; fit+inference=7.76s; 148/240 complete
case=2 n=500 rep=13/20 theta1=0.89551 SE=0.15352 T=-0.681; fit+inference=1.85s; 149/240 complete
case=2 n=1000 rep=13/20 theta1=0.83009 SE=0.09483 T=-1.792; fit+inference=3.04s; 150/240 complete
case=2 n=2000 rep=13/20 theta1=0.89106 SE=0.07504 T=-1.452; fit+inference=4.64s; 151/240 complete
case=2 n=4000 rep=13/20 theta1=0.95298 SE=0.05489 T=-0.857; fit+inference=7.31s; 152/240 complete
case=3 n=500 rep=13/20 theta1=0.19625 SE=0.12952 T=-6.206; fit+inference=1.68s; 153/240 complete
case=3 n=1000 rep=13/20 theta1=0.73949 SE=0.08914 T=-2.922; fit+inference=2.79s; 154/240 complete
case=3 n=2000 rep=13/20 theta1=0.79346 SE=0.07722 T=-2.675; fit+inference=3.61s; 155/240 complete
case=3 n=4000 rep=13/20 theta1=0.90100 SE=0.05536 T=-1.788; fit+inference=6.72s; 156/240 complete
case=1 n=500 rep=14/20 theta1=-0.41471 SE=0.27905 T=-5.070; fit+inference=1.21s; 157/240 complete
case=1 n=1000 rep=14/20 theta1=0.88160 SE=0.11785 T=-1.005; fit+inference=2.68s; 158/240 complete
case=1 n=2000 rep=14/20 theta1=0.94382 SE=0.06815 T=-0.824; fit+inference=4.24s; 159/240 complete
case=1 n=4000 rep=14/20 theta1=1.08393 SE=0.05763 T=1.456; fit+inference=6.89s; 160/240 complete
case=2 n=500 rep=14/20 theta1=0.02440 SE=0.19396 T=-5.030; fit+inference=1.38s; 161/240 complete
case=2 n=1000 rep=14/20 theta1=0.67917 SE=0.09907 T=-3.238; fit+inference=3.33s; 162/240 complete
case=2 n=2000 rep=14/20 theta1=0.91459 SE=0.07471 T=-1.143; fit+inference=5.88s; 163/240 complete
case=2 n=4000 rep=14/20 theta1=0.91327 SE=0.05649 T=-1.535; fit+inference=10.60s; 164/240 complete
case=3 n=500 rep=14/20 theta1=-0.02678 SE=0.20767 T=-4.944; fit+inference=1.59s; 165/240 complete
case=3 n=1000 rep=14/20 theta1=0.69926 SE=0.07230 T=-4.160; fit+inference=3.24s; 166/240 complete
case=3 n=2000 rep=14/20 theta1=0.94357 SE=0.07975 T=-0.708; fit+inference=3.73s; 167/240 complete
case=3 n=4000 rep=14/20 theta1=0.91334 SE=0.05520 T=-1.570; fit+inference=5.71s; 168/240 complete
case=1 n=500 rep=15/20 theta1=0.23319 SE=0.15417 T=-4.974; fit+inference=1.97s; 169/240 complete
case=1 n=1000 rep=15/20 theta1=0.47217 SE=0.08954 T=-5.895; fit+inference=2.79s; 170/240 complete
case=1 n=2000 rep=15/20 theta1=0.97009 SE=0.07579 T=-0.395; fit+inference=4.36s; 171/240 complete
case=1 n=4000 rep=15/20 theta1=0.91639 SE=0.05187 T=-1.612; fit+inference=6.82s; 172/240 complete
case=2 n=500 rep=15/20 theta1=0.14477 SE=0.13147 T=-6.505; fit+inference=2.07s; 173/240 complete
case=2 n=1000 rep=15/20 theta1=0.85259 SE=0.11551 T=-1.276; fit+inference=3.20s; 174/240 complete
case=2 n=2000 rep=15/20 theta1=0.96627 SE=0.06816 T=-0.495; fit+inference=5.33s; 175/240 complete
case=2 n=4000 rep=15/20 theta1=1.13856 SE=0.05709 T=2.427; fit+inference=7.14s; 176/240 complete
case=3 n=500 rep=15/20 theta1=0.24601 SE=0.20195 T=-3.734; fit+inference=0.99s; 177/240 complete
case=3 n=1000 rep=15/20 theta1=0.53449 SE=0.10941 T=-4.255; fit+inference=2.11s; 178/240 complete
case=3 n=2000 rep=15/20 theta1=1.00620 SE=0.06300 T=0.098; fit+inference=5.16s; 179/240 complete
case=3 n=4000 rep=15/20 theta1=0.86947 SE=0.05416 T=-2.410; fit+inference=5.23s; 180/240 complete
case=1 n=500 rep=16/20 theta1=0.55985 SE=0.15943 T=-2.761; fit+inference=1.44s; 181/240 complete
case=1 n=1000 rep=16/20 theta1=0.81923 SE=0.09178 T=-1.970; fit+inference=3.08s; 182/240 complete
case=1 n=2000 rep=16/20 theta1=0.98386 SE=0.06920 T=-0.233; fit+inference=5.16s; 183/240 complete
case=1 n=4000 rep=16/20 theta1=0.97347 SE=0.05360 T=-0.495; fit+inference=7.01s; 184/240 complete
case=2 n=500 rep=16/20 theta1=0.52825 SE=0.15427 T=-3.058; fit+inference=1.82s; 185/240 complete
case=2 n=1000 rep=16/20 theta1=0.70294 SE=0.09640 T=-3.081; fit+inference=3.17s; 186/240 complete
case=2 n=2000 rep=16/20 theta1=0.92512 SE=0.07430 T=-1.008; fit+inference=4.66s; 187/240 complete
case=2 n=4000 rep=16/20 theta1=0.94747 SE=0.05324 T=-0.987; fit+inference=5.81s; 188/240 complete
case=3 n=500 rep=16/20 theta1=0.75797 SE=0.12699 T=-1.906; fit+inference=2.00s; 189/240 complete
case=3 n=1000 rep=16/20 theta1=0.65595 SE=0.08956 T=-3.841; fit+inference=2.57s; 190/240 complete
case=3 n=2000 rep=16/20 theta1=0.84359 SE=0.06518 T=-2.400; fit+inference=4.04s; 191/240 complete
case=3 n=4000 rep=16/20 theta1=1.07783 SE=0.05567 T=1.398; fit+inference=6.61s; 192/240 complete
case=1 n=500 rep=17/20 theta1=0.15319 SE=0.22150 T=-3.823; fit+inference=1.59s; 193/240 complete
case=1 n=1000 rep=17/20 theta1=0.79500 SE=0.10621 T=-1.930; fit+inference=1.84s; 194/240 complete
case=1 n=2000 rep=17/20 theta1=0.80365 SE=0.06639 T=-2.957; fit+inference=3.99s; 195/240 complete
case=1 n=4000 rep=17/20 theta1=0.97561 SE=0.05456 T=-0.447; fit+inference=6.50s; 196/240 complete
case=2 n=500 rep=17/20 theta1=0.53050 SE=0.14290 T=-3.285; fit+inference=2.11s; 197/240 complete
case=2 n=1000 rep=17/20 theta1=0.96995 SE=0.10136 T=-0.296; fit+inference=3.34s; 198/240 complete
case=2 n=2000 rep=17/20 theta1=0.82287 SE=0.06865 T=-2.580; fit+inference=2.43s; 199/240 complete
case=2 n=4000 rep=17/20 theta1=1.02077 SE=0.05360 T=0.387; fit+inference=3.83s; 200/240 complete
case=3 n=500 rep=17/20 theta1=0.28026 SE=0.16024 T=-4.492; fit+inference=0.67s; 201/240 complete
case=3 n=1000 rep=17/20 theta1=0.91383 SE=0.08751 T=-0.985; fit+inference=1.12s; 202/240 complete
case=3 n=2000 rep=17/20 theta1=1.10331 SE=0.06980 T=1.480; fit+inference=1.77s; 203/240 complete
case=3 n=4000 rep=17/20 theta1=0.98208 SE=0.05604 T=-0.320; fit+inference=2.69s; 204/240 complete
case=1 n=500 rep=18/20 theta1=0.48098 SE=0.13902 T=-3.733; fit+inference=0.88s; 205/240 complete
case=1 n=1000 rep=18/20 theta1=0.89373 SE=0.09529 T=-1.115; fit+inference=1.08s; 206/240 complete
case=1 n=2000 rep=18/20 theta1=0.44415 SE=0.07838 T=-7.092; fit+inference=1.55s; 207/240 complete
case=1 n=4000 rep=18/20 theta1=0.97172 SE=0.05600 T=-0.505; fit+inference=2.58s; 208/240 complete
case=2 n=500 rep=18/20 theta1=0.05980 SE=0.12560 T=-7.486; fit+inference=0.90s; 209/240 complete
case=2 n=1000 rep=18/20 theta1=0.70555 SE=0.09337 T=-3.154; fit+inference=1.36s; 210/240 complete
case=2 n=2000 rep=18/20 theta1=1.00443 SE=0.07923 T=0.056; fit+inference=1.93s; 211/240 complete
case=2 n=4000 rep=18/20 theta1=0.96208 SE=0.05032 T=-0.754; fit+inference=3.24s; 212/240 complete
case=3 n=500 rep=18/20 theta1=0.14819 SE=0.23783 T=-3.582; fit+inference=0.62s; 213/240 complete
case=3 n=1000 rep=18/20 theta1=0.80480 SE=0.09376 T=-2.082; fit+inference=1.41s; 214/240 complete
case=3 n=2000 rep=18/20 theta1=0.43674 SE=0.07820 T=-7.202; fit+inference=1.39s; 215/240 complete
case=3 n=4000 rep=18/20 theta1=0.92985 SE=0.05507 T=-1.274; fit+inference=2.16s; 216/240 complete
case=1 n=500 rep=19/20 theta1=0.03912 SE=0.20048 T=-4.793; fit+inference=0.67s; 217/240 complete
case=1 n=1000 rep=19/20 theta1=0.76270 SE=0.09041 T=-2.625; fit+inference=1.26s; 218/240 complete
case=1 n=2000 rep=19/20 theta1=0.99929 SE=0.07543 T=-0.009; fit+inference=1.57s; 219/240 complete
case=1 n=4000 rep=19/20 theta1=1.05936 SE=0.05651 T=1.050; fit+inference=2.30s; 220/240 complete
case=2 n=500 rep=19/20 theta1=0.32187 SE=0.22416 T=-3.025; fit+inference=0.57s; 221/240 complete
case=2 n=1000 rep=19/20 theta1=0.71339 SE=0.10878 T=-2.635; fit+inference=1.14s; 222/240 complete
case=2 n=2000 rep=19/20 theta1=0.87978 SE=0.07661 T=-1.569; fit+inference=1.75s; 223/240 complete
case=2 n=4000 rep=19/20 theta1=0.95579 SE=0.05402 T=-0.818; fit+inference=2.22s; 224/240 complete
case=3 n=500 rep=19/20 theta1=0.36712 SE=0.07735 T=-8.182; fit+inference=0.90s; 225/240 complete
case=3 n=1000 rep=19/20 theta1=0.66147 SE=0.09645 T=-3.510; fit+inference=1.00s; 226/240 complete
case=3 n=2000 rep=19/20 theta1=0.77945 SE=0.07285 T=-3.027; fit+inference=1.43s; 227/240 complete
case=3 n=4000 rep=19/20 theta1=0.93426 SE=0.05426 T=-1.212; fit+inference=2.70s; 228/240 complete
case=1 n=500 rep=20/20 theta1=0.59266 SE=0.13821 T=-2.947; fit+inference=0.84s; 229/240 complete
case=1 n=1000 rep=20/20 theta1=0.62631 SE=0.10273 T=-3.638; fit+inference=1.11s; 230/240 complete
case=1 n=2000 rep=20/20 theta1=0.93214 SE=0.06937 T=-0.978; fit+inference=2.13s; 231/240 complete
case=1 n=4000 rep=20/20 theta1=1.00831 SE=0.05351 T=0.155; fit+inference=2.52s; 232/240 complete
case=2 n=500 rep=20/20 theta1=0.10724 SE=0.18126 T=-4.925; fit+inference=0.70s; 233/240 complete
case=2 n=1000 rep=20/20 theta1=0.68065 SE=0.10111 T=-3.159; fit+inference=1.44s; 234/240 complete
case=2 n=2000 rep=20/20 theta1=0.93118 SE=0.08063 T=-0.854; fit+inference=1.56s; 235/240 complete
case=2 n=4000 rep=20/20 theta1=0.85070 SE=0.05949 T=-2.510; fit+inference=2.50s; 236/240 complete
case=3 n=500 rep=20/20 theta1=-0.04570 SE=0.16504 T=-6.336; fit+inference=0.65s; 237/240 complete
case=3 n=1000 rep=20/20 theta1=0.95622 SE=0.09668 T=-0.453; fit+inference=1.22s; 238/240 complete
case=3 n=2000 rep=20/20 theta1=0.78606 SE=0.08579 T=-2.494; fit+inference=3.13s; 239/240 complete
case=3 n=4000 rep=20/20 theta1=1.06998 SE=0.05068 T=1.381; fit+inference=6.03s; 240/240 complete
Complete: C:\Users\Tiansui Tu\Documents\GitHub\dplqr\results\2026-09-10-asymptotic-normality\pilot; invocation elapsed 778.2s
